I'm sorry, but errors were detected in your script. Please correct the
errors listed below, and try again.


File "game/screens.rpy", line 321: 'True' is not a keyword argument or valid child of the imagebutton statement.
    imagebutton auto "gui/mm_carregar_%s.png" xpos 1503 ypos 894 True action ShowMenu("load")
                                                                     ^

Ren'Py Version: Ren'Py 8.1.3.23091805
Thu Feb 29 16:02:56 2024
